<?xml version="1.0" encoding="UTF-8"?>
<testsuites name="jest tests" tests="4" failures="0" errors="0" time="1.29">
  <testsuite name="Basic Tests" errors="0" failures="0" skipped="0" timestamp="2025-05-08T02:41:29" time="0.465" tests="4">
    <testcase classname="Basic Tests should add numbers correctly" name="Basic Tests should add numbers correctly" time="0.002">
    </testcase>
    <testcase classname="Basic Tests should concatenate strings" name="Basic Tests should concatenate strings" time="0">
    </testcase>
    <testcase classname="Basic Tests should work with arrays" name="Basic Tests should work with arrays" time="0.001">
    </testcase>
    <testcase classname="Basic Tests should work with objects" name="Basic Tests should work with objects" time="0">
    </testcase>
  </testsuite>
</testsuites>